------------------------------------------------------------
Timing Analyzer Summary
------------------------------------------------------------

Type  : Slow 1100mV 100C Model Setup 'FPGA_CLK1_50'
Slack : -3.081
TNS   : -86.645

Type  : Slow 1100mV 100C Model Hold 'FPGA_CLK1_50'
Slack : 0.379
TNS   : 0.000

Type  : Slow 1100mV 100C Model Minimum Pulse Width 'FPGA_CLK1_50'
Slack : -0.538
TNS   : -40.690

Type  : Slow 1100mV -40C Model Setup 'FPGA_CLK1_50'
Slack : -3.051
TNS   : -91.509

Type  : Slow 1100mV -40C Model Hold 'FPGA_CLK1_50'
Slack : 0.368
TNS   : 0.000

Type  : Slow 1100mV -40C Model Minimum Pulse Width 'FPGA_CLK1_50'
Slack : -0.538
TNS   : -38.063

Type  : Fast 1100mV 100C Model Setup 'FPGA_CLK1_50'
Slack : -1.091
TNS   : -20.732

Type  : Fast 1100mV 100C Model Hold 'FPGA_CLK1_50'
Slack : 0.182
TNS   : 0.000

Type  : Fast 1100mV 100C Model Minimum Pulse Width 'FPGA_CLK1_50'
Slack : -0.387
TNS   : -20.962

Type  : Fast 1100mV -40C Model Setup 'FPGA_CLK1_50'
Slack : -0.824
TNS   : -15.641

Type  : Fast 1100mV -40C Model Hold 'FPGA_CLK1_50'
Slack : 0.169
TNS   : 0.000

Type  : Fast 1100mV -40C Model Minimum Pulse Width 'FPGA_CLK1_50'
Slack : -0.448
TNS   : -27.741

------------------------------------------------------------
