------------------------------------------------------------
Timing Analyzer Summary
------------------------------------------------------------

Type  : Slow 1100mV 100C Model Setup 'FPGA_CLK1_50'
Slack : -3.277
TNS   : -96.469

Type  : Slow 1100mV 100C Model Hold 'FPGA_CLK1_50'
Slack : 0.379
TNS   : 0.000

Type  : Slow 1100mV 100C Model Minimum Pulse Width 'FPGA_CLK1_50'
Slack : -0.538
TNS   : -42.565

Type  : Slow 1100mV -40C Model Setup 'FPGA_CLK1_50'
Slack : -3.243
TNS   : -100.614

Type  : Slow 1100mV -40C Model Hold 'FPGA_CLK1_50'
Slack : 0.367
TNS   : 0.000

Type  : Slow 1100mV -40C Model Minimum Pulse Width 'FPGA_CLK1_50'
Slack : -0.538
TNS   : -39.626

Type  : Fast 1100mV 100C Model Setup 'FPGA_CLK1_50'
Slack : -1.146
TNS   : -23.885

Type  : Fast 1100mV 100C Model Hold 'FPGA_CLK1_50'
Slack : 0.185
TNS   : 0.000

Type  : Fast 1100mV 100C Model Minimum Pulse Width 'FPGA_CLK1_50'
Slack : -0.387
TNS   : -21.758

Type  : Fast 1100mV -40C Model Setup 'FPGA_CLK1_50'
Slack : -0.894
TNS   : -18.400

Type  : Fast 1100mV -40C Model Hold 'FPGA_CLK1_50'
Slack : 0.169
TNS   : 0.000

Type  : Fast 1100mV -40C Model Minimum Pulse Width 'FPGA_CLK1_50'
Slack : -0.448
TNS   : -28.849

------------------------------------------------------------
