------------------------------------------------------------
Timing Analyzer Summary
------------------------------------------------------------

Type  : Slow 1100mV 100C Model Setup 'FPGA_CLK1_50'
Slack : 1.858
TNS   : 0.000

Type  : Slow 1100mV 100C Model Setup 'altera_reserved_tck'
Slack : 12.250
TNS   : 0.000

Type  : Slow 1100mV 100C Model Hold 'altera_reserved_tck'
Slack : 0.191
TNS   : 0.000

Type  : Slow 1100mV 100C Model Hold 'FPGA_CLK1_50'
Slack : 0.417
TNS   : 0.000

Type  : Slow 1100mV 100C Model Recovery 'altera_reserved_tck'
Slack : 36.175
TNS   : 0.000

Type  : Slow 1100mV 100C Model Removal 'altera_reserved_tck'
Slack : 1.080
TNS   : 0.000

Type  : Slow 1100mV 100C Model Minimum Pulse Width 'FPGA_CLK1_50'
Slack : 8.636
TNS   : 0.000

Type  : Slow 1100mV 100C Model Minimum Pulse Width 'altera_reserved_tck'
Slack : 18.512
TNS   : 0.000

Type  : Slow 1100mV -40C Model Setup 'FPGA_CLK1_50'
Slack : 2.278
TNS   : 0.000

Type  : Slow 1100mV -40C Model Setup 'altera_reserved_tck'
Slack : 12.498
TNS   : 0.000

Type  : Slow 1100mV -40C Model Hold 'altera_reserved_tck'
Slack : 0.182
TNS   : 0.000

Type  : Slow 1100mV -40C Model Hold 'FPGA_CLK1_50'
Slack : 0.436
TNS   : 0.000

Type  : Slow 1100mV -40C Model Recovery 'altera_reserved_tck'
Slack : 36.378
TNS   : 0.000

Type  : Slow 1100mV -40C Model Removal 'altera_reserved_tck'
Slack : 1.032
TNS   : 0.000

Type  : Slow 1100mV -40C Model Minimum Pulse Width 'FPGA_CLK1_50'
Slack : 8.545
TNS   : 0.000

Type  : Slow 1100mV -40C Model Minimum Pulse Width 'altera_reserved_tck'
Slack : 18.516
TNS   : 0.000

Type  : Fast 1100mV 100C Model Setup 'FPGA_CLK1_50'
Slack : 7.442
TNS   : 0.000

Type  : Fast 1100mV 100C Model Setup 'altera_reserved_tck'
Slack : 16.109
TNS   : 0.000

Type  : Fast 1100mV 100C Model Hold 'altera_reserved_tck'
Slack : 0.046
TNS   : 0.000

Type  : Fast 1100mV 100C Model Hold 'FPGA_CLK1_50'
Slack : 0.184
TNS   : 0.000

Type  : Fast 1100mV 100C Model Recovery 'altera_reserved_tck'
Slack : 37.502
TNS   : 0.000

Type  : Fast 1100mV 100C Model Removal 'altera_reserved_tck'
Slack : 0.455
TNS   : 0.000

Type  : Fast 1100mV 100C Model Minimum Pulse Width 'FPGA_CLK1_50'
Slack : 8.807
TNS   : 0.000

Type  : Fast 1100mV 100C Model Minimum Pulse Width 'altera_reserved_tck'
Slack : 18.375
TNS   : 0.000

Type  : Fast 1100mV -40C Model Setup 'FPGA_CLK1_50'
Slack : 7.986
TNS   : 0.000

Type  : Fast 1100mV -40C Model Setup 'altera_reserved_tck'
Slack : 16.723
TNS   : 0.000

Type  : Fast 1100mV -40C Model Hold 'altera_reserved_tck'
Slack : 0.025
TNS   : 0.000

Type  : Fast 1100mV -40C Model Hold 'FPGA_CLK1_50'
Slack : 0.169
TNS   : 0.000

Type  : Fast 1100mV -40C Model Recovery 'altera_reserved_tck'
Slack : 37.902
TNS   : 0.000

Type  : Fast 1100mV -40C Model Removal 'altera_reserved_tck'
Slack : 0.369
TNS   : 0.000

Type  : Fast 1100mV -40C Model Minimum Pulse Width 'FPGA_CLK1_50'
Slack : 8.798
TNS   : 0.000

Type  : Fast 1100mV -40C Model Minimum Pulse Width 'altera_reserved_tck'
Slack : 18.372
TNS   : 0.000

------------------------------------------------------------
