------------------------------------------------------------
Timing Analyzer Summary
------------------------------------------------------------

Type  : Slow 1100mV 100C Model Setup 'FPGA_CLK1_50'
Slack : -2.092
TNS   : -149.746

Type  : Slow 1100mV 100C Model Hold 'FPGA_CLK1_50'
Slack : 0.373
TNS   : 0.000

Type  : Slow 1100mV 100C Model Minimum Pulse Width 'FPGA_CLK1_50'
Slack : -0.538
TNS   : -101.540

Type  : Slow 1100mV -40C Model Setup 'FPGA_CLK1_50'
Slack : -2.324
TNS   : -150.579

Type  : Slow 1100mV -40C Model Hold 'FPGA_CLK1_50'
Slack : 0.357
TNS   : 0.000

Type  : Slow 1100mV -40C Model Minimum Pulse Width 'FPGA_CLK1_50'
Slack : -0.538
TNS   : -93.261

Type  : Fast 1100mV 100C Model Setup 'FPGA_CLK1_50'
Slack : -0.561
TNS   : -25.354

Type  : Fast 1100mV 100C Model Hold 'FPGA_CLK1_50'
Slack : 0.181
TNS   : 0.000

Type  : Fast 1100mV 100C Model Minimum Pulse Width 'FPGA_CLK1_50'
Slack : -0.395
TNS   : -50.918

Type  : Fast 1100mV -40C Model Setup 'FPGA_CLK1_50'
Slack : -0.428
TNS   : -15.173

Type  : Fast 1100mV -40C Model Hold 'FPGA_CLK1_50'
Slack : 0.164
TNS   : 0.000

Type  : Fast 1100mV -40C Model Minimum Pulse Width 'FPGA_CLK1_50'
Slack : -0.451
TNS   : -66.596

------------------------------------------------------------
