------------------------------------------------------------
Timing Analyzer Summary
------------------------------------------------------------

Type  : Slow 1100mV 100C Model Setup 'FPGA_CLK1_50'
Slack : -1.853
TNS   : -122.982

Type  : Slow 1100mV 100C Model Hold 'FPGA_CLK1_50'
Slack : 0.319
TNS   : 0.000

Type  : Slow 1100mV 100C Model Minimum Pulse Width 'FPGA_CLK1_50'
Slack : -0.538
TNS   : -76.608

Type  : Slow 1100mV -40C Model Setup 'FPGA_CLK1_50'
Slack : -2.115
TNS   : -124.474

Type  : Slow 1100mV -40C Model Hold 'FPGA_CLK1_50'
Slack : 0.308
TNS   : 0.000

Type  : Slow 1100mV -40C Model Minimum Pulse Width 'FPGA_CLK1_50'
Slack : -0.538
TNS   : -80.743

Type  : Fast 1100mV 100C Model Setup 'FPGA_CLK1_50'
Slack : -0.357
TNS   : -9.721

Type  : Fast 1100mV 100C Model Hold 'FPGA_CLK1_50'
Slack : 0.169
TNS   : 0.000

Type  : Fast 1100mV 100C Model Minimum Pulse Width 'FPGA_CLK1_50'
Slack : -0.094
TNS   : -8.782

Type  : Fast 1100mV -40C Model Setup 'FPGA_CLK1_50'
Slack : -0.313
TNS   : -4.030

Type  : Fast 1100mV -40C Model Hold 'FPGA_CLK1_50'
Slack : 0.152
TNS   : 0.000

Type  : Fast 1100mV -40C Model Minimum Pulse Width 'FPGA_CLK1_50'
Slack : -0.090
TNS   : -8.504

------------------------------------------------------------
